from __future__ import annotations

from collections import namedtuple


GeneratedMapping = namedtuple("GeneratedMapping", ["python_path", "cli_binding", "destination"])


class GeneratedBinding:
    __slots__ = ('operation_id', 'entrypoint_id', 'command', 'mappings')

    def __init__(self, operation_id: str, entrypoint_id: str, command: tuple[str, ...], mappings: tuple[GeneratedMapping, ...]) -> None:
        self.operation_id = operation_id
        self.entrypoint_id = entrypoint_id
        self.command = command
        self.mappings = mappings

OPERATION_BINDINGS: tuple[GeneratedBinding, ...] = (
    GeneratedBinding(operation_id='issues.comments.add', entrypoint_id='add', command=('issue', 'comment', 'add'), mappings=(GeneratedMapping(python_path='issue_id', cli_binding='pos:0', destination='path:issue_id'), GeneratedMapping(python_path='body', cli_binding='--content', destination='json_body:content'),)),
    GeneratedBinding(operation_id='issues.comments.delete', entrypoint_id='delete', command=('issue', 'comment', 'delete'), mappings=(GeneratedMapping(python_path='comment_id', cli_binding='pos:0', destination='path:comment_id'),)),
    GeneratedBinding(operation_id='issues.comments.list', entrypoint_id='list', command=('issue', 'comment', 'list'), mappings=(GeneratedMapping(python_path='issue_id', cli_binding='pos:0', destination='path:issue_id'),)),
    GeneratedBinding(operation_id='issues.comments.list', entrypoint_id='list_flat', command=('issue', 'comment', 'list'), mappings=(GeneratedMapping(python_path='request.issue_id', cli_binding='pos:0', destination='path:issue_id'), GeneratedMapping(python_path='request.since', cli_binding='--since', destination='query:since'),)),
    GeneratedBinding(operation_id='issues.comments.list', entrypoint_id='list_recent', command=('issue', 'comment', 'list'), mappings=(GeneratedMapping(python_path='request.issue_id', cli_binding='pos:0', destination='path:issue_id'), GeneratedMapping(python_path='request.limit', cli_binding='--recent', destination='query:recent'), GeneratedMapping(python_path='request.cursor.before', cli_binding='--before', destination='query:before'), GeneratedMapping(python_path='request.cursor.before_id', cli_binding='--before-id', destination='query:before_id'),)),
    GeneratedBinding(operation_id='issues.comments.list', entrypoint_id='list_thread', command=('issue', 'comment', 'list'), mappings=(GeneratedMapping(python_path='request.issue_id', cli_binding='pos:0', destination='path:issue_id'), GeneratedMapping(python_path='request.thread_id', cli_binding='--thread', destination='query:thread'), GeneratedMapping(python_path='request.limit', cli_binding='--tail', destination='query:tail'), GeneratedMapping(python_path='request.cursor.before', cli_binding='--before', destination='query:before'), GeneratedMapping(python_path='request.cursor.before_id', cli_binding='--before-id', destination='query:before_id'),)),
    GeneratedBinding(operation_id='issues.create', entrypoint_id='create', command=('issue', 'create'), mappings=(GeneratedMapping(python_path='request.title', cli_binding='--title', destination='json_body:title'), GeneratedMapping(python_path='request.description_input', cli_binding='description-selector', destination='local_control:description'), GeneratedMapping(python_path='request.priority', cli_binding='--priority', destination='json_body:priority'), GeneratedMapping(python_path='request.assignee_id', cli_binding='--assignee-id', destination='json_body:assignee_id'), GeneratedMapping(python_path='request.project_id', cli_binding='--project', destination='json_body:project_id'), GeneratedMapping(python_path='request.label_ids', cli_binding='repeat:issue label add', destination='json_body:label_id'),)),
    GeneratedBinding(operation_id='issues.labels.add', entrypoint_id='add', command=('issue', 'label', 'add'), mappings=(GeneratedMapping(python_path='issue_id', cli_binding='pos:0', destination='path:issue_id'), GeneratedMapping(python_path='label_id', cli_binding='pos:1', destination='json_body:label_id'),)),
    GeneratedBinding(operation_id='issues.labels.list', entrypoint_id='list', command=('issue', 'label', 'list'), mappings=(GeneratedMapping(python_path='issue_id', cli_binding='pos:0', destination='path:issue_id'),)),
    GeneratedBinding(operation_id='issues.labels.remove', entrypoint_id='remove', command=('issue', 'label', 'remove'), mappings=(GeneratedMapping(python_path='issue_id', cli_binding='pos:0', destination='path:issue_id'), GeneratedMapping(python_path='label_id', cli_binding='pos:1', destination='path:label_id'),)),
    GeneratedBinding(operation_id='issues.list', entrypoint_id='list', command=('issue', 'list'), mappings=(GeneratedMapping(python_path='filter.status', cli_binding='--status', destination='query:status'), GeneratedMapping(python_path='filter.priority', cli_binding='--priority', destination='query:priority'), GeneratedMapping(python_path='filter.assignee_id', cli_binding='--assignee-id', destination='query:assignee_id'), GeneratedMapping(python_path='filter.limit', cli_binding='--limit', destination='query:limit'), GeneratedMapping(python_path='filter.sort', cli_binding='--sort', destination='query:sort'), GeneratedMapping(python_path='filter.direction', cli_binding='--direction', destination='query:direction'),)),
    GeneratedBinding(operation_id='issues.set_status', entrypoint_id='set_status', command=('issue', 'status'), mappings=(GeneratedMapping(python_path='issue_id', cli_binding='pos:0', destination='path:issue_id'), GeneratedMapping(python_path='status', cli_binding='pos:1', destination='json_body:status'),)),
    GeneratedBinding(operation_id='projects.create', entrypoint_id='create', command=('project', 'create'), mappings=(GeneratedMapping(python_path='request.name', cli_binding='--title', destination='json_body:title'), GeneratedMapping(python_path='request.description', cli_binding='--description', destination='json_body:description'),)),
    GeneratedBinding(operation_id='projects.resources.add_local_directory', entrypoint_id='add_local_directory', command=('project', 'resource', 'add'), mappings=(GeneratedMapping(python_path='project_id', cli_binding='pos:0', destination='path:project_id'), GeneratedMapping(python_path='request.local_path', cli_binding='--local-path', destination='local_control:absolute_path'), GeneratedMapping(python_path='request.daemon_id', cli_binding='--daemon-id', destination='json_body:daemon_id'), GeneratedMapping(python_path='request.label', cli_binding='--ref-label', destination='json_body:label'), GeneratedMapping(python_path='literal.local_directory', cli_binding='--type', destination='json_body:type'),)),
    GeneratedBinding(operation_id='projects.resources.list', entrypoint_id='list', command=('project', 'resource', 'list'), mappings=(GeneratedMapping(python_path='project_id', cli_binding='pos:0', destination='path:project_id'),)),
    GeneratedBinding(operation_id='projects.resources.remove', entrypoint_id='remove', command=('project', 'resource', 'remove'), mappings=(GeneratedMapping(python_path='project_id', cli_binding='pos:0', destination='path:project_id'), GeneratedMapping(python_path='resource_id', cli_binding='pos:1', destination='path:resource_id'),)),
    GeneratedBinding(operation_id='projects.resources.update_local_directory', entrypoint_id='update_local_directory', command=('project', 'resource', 'update'), mappings=(GeneratedMapping(python_path='project_id', cli_binding='pos:0', destination='path:project_id'), GeneratedMapping(python_path='resource_id', cli_binding='pos:1', destination='path:resource_id'), GeneratedMapping(python_path='request.local_path', cli_binding='--local-path', destination='local_control:absolute_path'),)),
    GeneratedBinding(operation_id='projects.set_status', entrypoint_id='set_status', command=('project', 'status'), mappings=(GeneratedMapping(python_path='project_id', cli_binding='pos:0', destination='path:project_id'), GeneratedMapping(python_path='status', cli_binding='pos:1', destination='json_body:status'),)),
    GeneratedBinding(operation_id='projects.update', entrypoint_id='update', command=('project', 'update'), mappings=(GeneratedMapping(python_path='project_id', cli_binding='pos:0', destination='path:project_id'), GeneratedMapping(python_path='request.name', cli_binding='--title', destination='json_body:title'), GeneratedMapping(python_path='request.description', cli_binding='--description', destination='json_body:description'),)),
)

