from __future__ import annotations

from collections import namedtuple


ArgvCase = namedtuple("ArgvCase", ["operation_id", "entrypoint_id", "command", "mappings"])

ValidationCase = namedtuple("ValidationCase", ["validator_id", "case_id", "valid"])

PresenceCase = namedtuple("PresenceCase", ["binding_id", "mapping_index", "presence_key", "outcome"])

DecodeCase = namedtuple("DecodeCase", ["operation_id", "entrypoint_id", "response_id"])


ARGV_CASES: tuple[ArgvCase, ...] = (
    ArgvCase(operation_id='issues.comments.add', entrypoint_id='add', command=('issue', 'comment', 'add'), mappings=(('issue_id', 'pos:0', 'path:issue_id'), ('body', '--content', 'json_body:content'),)),
    ArgvCase(operation_id='issues.comments.delete', entrypoint_id='delete', command=('issue', 'comment', 'delete'), mappings=(('comment_id', 'pos:0', 'path:comment_id'),)),
    ArgvCase(operation_id='issues.comments.list', entrypoint_id='list', command=('issue', 'comment', 'list'), mappings=(('issue_id', 'pos:0', 'path:issue_id'),)),
    ArgvCase(operation_id='issues.comments.list', entrypoint_id='list_flat', command=('issue', 'comment', 'list'), mappings=(('request.issue_id', 'pos:0', 'path:issue_id'), ('request.since', '--since', 'query:since'),)),
    ArgvCase(operation_id='issues.comments.list', entrypoint_id='list_recent', command=('issue', 'comment', 'list'), mappings=(('request.issue_id', 'pos:0', 'path:issue_id'), ('request.limit', '--recent', 'query:recent'), ('request.cursor.before', '--before', 'query:before'), ('request.cursor.before_id', '--before-id', 'query:before_id'),)),
    ArgvCase(operation_id='issues.comments.list', entrypoint_id='list_thread', command=('issue', 'comment', 'list'), mappings=(('request.issue_id', 'pos:0', 'path:issue_id'), ('request.thread_id', '--thread', 'query:thread'), ('request.limit', '--tail', 'query:tail'), ('request.cursor.before', '--before', 'query:before'), ('request.cursor.before_id', '--before-id', 'query:before_id'),)),
    ArgvCase(operation_id='issues.create', entrypoint_id='create', command=('issue', 'create'), mappings=(('request.title', '--title', 'json_body:title'), ('request.description_input', 'description-selector', 'local_control:description'), ('request.priority', '--priority', 'json_body:priority'), ('request.assignee_id', '--assignee-id', 'json_body:assignee_id'), ('request.project_id', '--project', 'json_body:project_id'), ('request.label_ids', 'repeat:issue label add', 'json_body:label_id'),)),
    ArgvCase(operation_id='issues.labels.add', entrypoint_id='add', command=('issue', 'label', 'add'), mappings=(('issue_id', 'pos:0', 'path:issue_id'), ('label_id', 'pos:1', 'json_body:label_id'),)),
    ArgvCase(operation_id='issues.labels.list', entrypoint_id='list', command=('issue', 'label', 'list'), mappings=(('issue_id', 'pos:0', 'path:issue_id'),)),
    ArgvCase(operation_id='issues.labels.remove', entrypoint_id='remove', command=('issue', 'label', 'remove'), mappings=(('issue_id', 'pos:0', 'path:issue_id'), ('label_id', 'pos:1', 'path:label_id'),)),
    ArgvCase(operation_id='issues.list', entrypoint_id='list', command=('issue', 'list'), mappings=(('filter.status', '--status', 'query:status'), ('filter.priority', '--priority', 'query:priority'), ('filter.assignee_id', '--assignee-id', 'query:assignee_id'), ('filter.limit', '--limit', 'query:limit'), ('filter.sort', '--sort', 'query:sort'), ('filter.direction', '--direction', 'query:direction'),)),
    ArgvCase(operation_id='issues.set_status', entrypoint_id='set_status', command=('issue', 'status'), mappings=(('issue_id', 'pos:0', 'path:issue_id'), ('status', 'pos:1', 'json_body:status'),)),
    ArgvCase(operation_id='projects.create', entrypoint_id='create', command=('project', 'create'), mappings=(('request.name', '--title', 'json_body:title'), ('request.description', '--description', 'json_body:description'),)),
    ArgvCase(operation_id='projects.resources.add_local_directory', entrypoint_id='add_local_directory', command=('project', 'resource', 'add'), mappings=(('project_id', 'pos:0', 'path:project_id'), ('request.local_path', '--local-path', 'local_control:absolute_path'), ('request.daemon_id', '--daemon-id', 'json_body:daemon_id'), ('request.label', '--ref-label', 'json_body:label'), ('literal.local_directory', '--type', 'json_body:type'),)),
    ArgvCase(operation_id='projects.resources.list', entrypoint_id='list', command=('project', 'resource', 'list'), mappings=(('project_id', 'pos:0', 'path:project_id'),)),
    ArgvCase(operation_id='projects.resources.remove', entrypoint_id='remove', command=('project', 'resource', 'remove'), mappings=(('project_id', 'pos:0', 'path:project_id'), ('resource_id', 'pos:1', 'path:resource_id'),)),
    ArgvCase(operation_id='projects.resources.update_local_directory', entrypoint_id='update_local_directory', command=('project', 'resource', 'update'), mappings=(('project_id', 'pos:0', 'path:project_id'), ('resource_id', 'pos:1', 'path:resource_id'), ('request.local_path', '--local-path', 'local_control:absolute_path'),)),
    ArgvCase(operation_id='projects.set_status', entrypoint_id='set_status', command=('project', 'status'), mappings=(('project_id', 'pos:0', 'path:project_id'), ('status', 'pos:1', 'json_body:status'),)),
    ArgvCase(operation_id='projects.update', entrypoint_id='update', command=('project', 'update'), mappings=(('project_id', 'pos:0', 'path:project_id'), ('request.name', '--title', 'json_body:title'), ('request.description', '--description', 'json_body:description'),)),
)


CONSTRAINT_CASES: tuple[ValidationCase, ...] = (
    ValidationCase(validator_id='at_least_one:name_description', case_id='at-least-one-name-description-valid', valid=True),
    ValidationCase(validator_id='at_least_one:name_description', case_id='at-least-one-name-description-invalid', valid=False),
    ValidationCase(validator_id='blank_label_omitted', case_id='blank-label-omitted-valid', valid=True),
    ValidationCase(validator_id='blank_label_omitted', case_id='blank-label-omitted-invalid', valid=False),
    ValidationCase(validator_id='cursor_pair', case_id='cursor-pair-valid', valid=True),
    ValidationCase(validator_id='cursor_pair', case_id='cursor-pair-valid', valid=True),
    ValidationCase(validator_id='cursor_pair', case_id='cursor-pair-invalid', valid=False),
    ValidationCase(validator_id='cursor_pair', case_id='cursor-pair-invalid', valid=False),
    ValidationCase(validator_id='cursor_requires_limit', case_id='cursor-requires-limit-valid', valid=True),
    ValidationCase(validator_id='cursor_requires_limit', case_id='cursor-requires-limit-invalid', valid=False),
    ValidationCase(validator_id='description_exactly_one', case_id='description-exactly-one-valid', valid=True),
    ValidationCase(validator_id='description_exactly_one', case_id='description-exactly-one-invalid', valid=False),
    ValidationCase(validator_id='description_none_rejected', case_id='description-none-rejected-valid', valid=True),
    ValidationCase(validator_id='description_none_rejected', case_id='description-none-rejected-invalid', valid=False),
    ValidationCase(validator_id='direction_requires_sort', case_id='direction-requires-sort-valid', valid=True),
    ValidationCase(validator_id='direction_requires_sort', case_id='direction-requires-sort-invalid', valid=False),
    ValidationCase(validator_id='empty_emits', case_id='empty-emits-valid', valid=True),
    ValidationCase(validator_id='empty_emits', case_id='empty-emits-invalid', valid=False),
    ValidationCase(validator_id='limit_nonnegative', case_id='limit-nonnegative-valid', valid=True),
    ValidationCase(validator_id='limit_nonnegative', case_id='limit-nonnegative-invalid', valid=False),
    ValidationCase(validator_id='limit_positive', case_id='limit-positive-valid', valid=True),
    ValidationCase(validator_id='limit_positive', case_id='limit-positive-invalid', valid=False),
    ValidationCase(validator_id='nonblank:body', case_id='nonblank-body-valid', valid=True),
    ValidationCase(validator_id='nonblank:body', case_id='nonblank-body-invalid', valid=False),
    ValidationCase(validator_id='nonblank:comment_id', case_id='nonblank-comment-id-valid', valid=True),
    ValidationCase(validator_id='nonblank:comment_id', case_id='nonblank-comment-id-invalid', valid=False),
    ValidationCase(validator_id='nonblank:issue_id', case_id='nonblank-issue-id-valid', valid=True),
    ValidationCase(validator_id='nonblank:issue_id', case_id='nonblank-issue-id-valid', valid=True),
    ValidationCase(validator_id='nonblank:issue_id', case_id='nonblank-issue-id-valid', valid=True),
    ValidationCase(validator_id='nonblank:issue_id', case_id='nonblank-issue-id-valid', valid=True),
    ValidationCase(validator_id='nonblank:issue_id', case_id='nonblank-issue-id-invalid', valid=False),
    ValidationCase(validator_id='nonblank:issue_id', case_id='nonblank-issue-id-invalid', valid=False),
    ValidationCase(validator_id='nonblank:issue_id', case_id='nonblank-issue-id-invalid', valid=False),
    ValidationCase(validator_id='nonblank:issue_id', case_id='nonblank-issue-id-invalid', valid=False),
    ValidationCase(validator_id='nonblank:label_id', case_id='nonblank-label-id-valid', valid=True),
    ValidationCase(validator_id='nonblank:label_id', case_id='nonblank-label-id-valid', valid=True),
    ValidationCase(validator_id='nonblank:label_id', case_id='nonblank-label-id-invalid', valid=False),
    ValidationCase(validator_id='nonblank:label_id', case_id='nonblank-label-id-invalid', valid=False),
    ValidationCase(validator_id='nonblank:project_id', case_id='nonblank-project-id-valid', valid=True),
    ValidationCase(validator_id='nonblank:project_id', case_id='nonblank-project-id-valid', valid=True),
    ValidationCase(validator_id='nonblank:project_id', case_id='nonblank-project-id-valid', valid=True),
    ValidationCase(validator_id='nonblank:project_id', case_id='nonblank-project-id-valid', valid=True),
    ValidationCase(validator_id='nonblank:project_id', case_id='nonblank-project-id-invalid', valid=False),
    ValidationCase(validator_id='nonblank:project_id', case_id='nonblank-project-id-invalid', valid=False),
    ValidationCase(validator_id='nonblank:project_id', case_id='nonblank-project-id-invalid', valid=False),
    ValidationCase(validator_id='nonblank:project_id', case_id='nonblank-project-id-invalid', valid=False),
    ValidationCase(validator_id='nonblank:request.daemon_id', case_id='nonblank-request-daemon-id-valid', valid=True),
    ValidationCase(validator_id='nonblank:request.daemon_id', case_id='nonblank-request-daemon-id-invalid', valid=False),
    ValidationCase(validator_id='nonblank:request.local_path', case_id='nonblank-request-local-path-valid', valid=True),
    ValidationCase(validator_id='nonblank:request.local_path', case_id='nonblank-request-local-path-valid', valid=True),
    ValidationCase(validator_id='nonblank:request.local_path', case_id='nonblank-request-local-path-invalid', valid=False),
    ValidationCase(validator_id='nonblank:request.local_path', case_id='nonblank-request-local-path-invalid', valid=False),
    ValidationCase(validator_id='nonblank:request.name', case_id='nonblank-request-name-valid', valid=True),
    ValidationCase(validator_id='nonblank:request.name', case_id='nonblank-request-name-invalid', valid=False),
    ValidationCase(validator_id='nonblank:request.title', case_id='nonblank-request-title-valid', valid=True),
    ValidationCase(validator_id='nonblank:request.title', case_id='nonblank-request-title-invalid', valid=False),
    ValidationCase(validator_id='nonblank:resource_id', case_id='nonblank-resource-id-valid', valid=True),
    ValidationCase(validator_id='nonblank:resource_id', case_id='nonblank-resource-id-valid', valid=True),
    ValidationCase(validator_id='nonblank:resource_id', case_id='nonblank-resource-id-invalid', valid=False),
    ValidationCase(validator_id='nonblank:resource_id', case_id='nonblank-resource-id-invalid', valid=False),
    ValidationCase(validator_id='position_forbids_direction', case_id='position-forbids-direction-valid', valid=True),
    ValidationCase(validator_id='position_forbids_direction', case_id='position-forbids-direction-invalid', valid=False),
    ValidationCase(validator_id='preserve_daemon_and_label', case_id='preserve-daemon-label-valid', valid=True),
    ValidationCase(validator_id='preserve_daemon_and_label', case_id='preserve-daemon-label-invalid', valid=False),
    ValidationCase(validator_id='strict:IssueStatus', case_id='strict-issue-status-valid', valid=True),
    ValidationCase(validator_id='strict:IssueStatus', case_id='strict-issue-status-invalid', valid=False),
    ValidationCase(validator_id='strict:ProjectStatus', case_id='strict-project-status-valid', valid=True),
    ValidationCase(validator_id='strict:ProjectStatus', case_id='strict-project-status-invalid', valid=False),
    ValidationCase(validator_id='unset_omits', case_id='unset-omits-valid', valid=True),
    ValidationCase(validator_id='unset_omits', case_id='unset-omits-invalid', valid=False),
)


PRESENCE_CASES: tuple[PresenceCase, ...] = (
    PresenceCase(binding_id='comment_add', mapping_index='0', presence_key='empty', outcome='reject'),
    PresenceCase(binding_id='comment_add', mapping_index='0', presence_key='false', outcome='not_applicable'),
    PresenceCase(binding_id='comment_add', mapping_index='0', presence_key='null', outcome='unknown'),
    PresenceCase(binding_id='comment_add', mapping_index='0', presence_key='omitted', outcome='reject'),
    PresenceCase(binding_id='comment_add', mapping_index='0', presence_key='zero', outcome='not_applicable'),
    PresenceCase(binding_id='comment_add', mapping_index='1', presence_key='empty', outcome='reject'),
    PresenceCase(binding_id='comment_add', mapping_index='1', presence_key='false', outcome='not_applicable'),
    PresenceCase(binding_id='comment_add', mapping_index='1', presence_key='null', outcome='unknown'),
    PresenceCase(binding_id='comment_add', mapping_index='1', presence_key='omitted', outcome='reject'),
    PresenceCase(binding_id='comment_add', mapping_index='1', presence_key='zero', outcome='not_applicable'),
    PresenceCase(binding_id='comment_delete', mapping_index='0', presence_key='empty', outcome='reject'),
    PresenceCase(binding_id='comment_delete', mapping_index='0', presence_key='false', outcome='not_applicable'),
    PresenceCase(binding_id='comment_delete', mapping_index='0', presence_key='null', outcome='unknown'),
    PresenceCase(binding_id='comment_delete', mapping_index='0', presence_key='omitted', outcome='reject'),
    PresenceCase(binding_id='comment_delete', mapping_index='0', presence_key='zero', outcome='not_applicable'),
    PresenceCase(binding_id='comment_list', mapping_index='0', presence_key='empty', outcome='reject'),
    PresenceCase(binding_id='comment_list', mapping_index='0', presence_key='false', outcome='not_applicable'),
    PresenceCase(binding_id='comment_list', mapping_index='0', presence_key='null', outcome='unknown'),
    PresenceCase(binding_id='comment_list', mapping_index='0', presence_key='omitted', outcome='reject'),
    PresenceCase(binding_id='comment_list', mapping_index='0', presence_key='zero', outcome='not_applicable'),
    PresenceCase(binding_id='comment_list_flat', mapping_index='0', presence_key='empty', outcome='reject'),
    PresenceCase(binding_id='comment_list_flat', mapping_index='0', presence_key='false', outcome='not_applicable'),
    PresenceCase(binding_id='comment_list_flat', mapping_index='0', presence_key='null', outcome='unknown'),
    PresenceCase(binding_id='comment_list_flat', mapping_index='0', presence_key='omitted', outcome='reject'),
    PresenceCase(binding_id='comment_list_flat', mapping_index='0', presence_key='zero', outcome='not_applicable'),
    PresenceCase(binding_id='comment_list_flat', mapping_index='1', presence_key='empty', outcome='emit'),
    PresenceCase(binding_id='comment_list_flat', mapping_index='1', presence_key='false', outcome='emit'),
    PresenceCase(binding_id='comment_list_flat', mapping_index='1', presence_key='null', outcome='unknown'),
    PresenceCase(binding_id='comment_list_flat', mapping_index='1', presence_key='omitted', outcome='omit'),
    PresenceCase(binding_id='comment_list_flat', mapping_index='1', presence_key='zero', outcome='emit'),
    PresenceCase(binding_id='comment_list_recent', mapping_index='0', presence_key='empty', outcome='reject'),
    PresenceCase(binding_id='comment_list_recent', mapping_index='0', presence_key='false', outcome='not_applicable'),
    PresenceCase(binding_id='comment_list_recent', mapping_index='0', presence_key='null', outcome='unknown'),
    PresenceCase(binding_id='comment_list_recent', mapping_index='0', presence_key='omitted', outcome='reject'),
    PresenceCase(binding_id='comment_list_recent', mapping_index='0', presence_key='zero', outcome='not_applicable'),
    PresenceCase(binding_id='comment_list_recent', mapping_index='1', presence_key='empty', outcome='emit'),
    PresenceCase(binding_id='comment_list_recent', mapping_index='1', presence_key='false', outcome='emit'),
    PresenceCase(binding_id='comment_list_recent', mapping_index='1', presence_key='null', outcome='unknown'),
    PresenceCase(binding_id='comment_list_recent', mapping_index='1', presence_key='omitted', outcome='reject'),
    PresenceCase(binding_id='comment_list_recent', mapping_index='1', presence_key='zero', outcome='emit'),
    PresenceCase(binding_id='comment_list_recent', mapping_index='2', presence_key='empty', outcome='emit'),
    PresenceCase(binding_id='comment_list_recent', mapping_index='2', presence_key='false', outcome='emit'),
    PresenceCase(binding_id='comment_list_recent', mapping_index='2', presence_key='null', outcome='unknown'),
    PresenceCase(binding_id='comment_list_recent', mapping_index='2', presence_key='omitted', outcome='omit'),
    PresenceCase(binding_id='comment_list_recent', mapping_index='2', presence_key='zero', outcome='emit'),
    PresenceCase(binding_id='comment_list_recent', mapping_index='3', presence_key='empty', outcome='emit'),
    PresenceCase(binding_id='comment_list_recent', mapping_index='3', presence_key='false', outcome='emit'),
    PresenceCase(binding_id='comment_list_recent', mapping_index='3', presence_key='null', outcome='unknown'),
    PresenceCase(binding_id='comment_list_recent', mapping_index='3', presence_key='omitted', outcome='omit'),
    PresenceCase(binding_id='comment_list_recent', mapping_index='3', presence_key='zero', outcome='emit'),
    PresenceCase(binding_id='comment_list_thread', mapping_index='0', presence_key='empty', outcome='reject'),
    PresenceCase(binding_id='comment_list_thread', mapping_index='0', presence_key='false', outcome='not_applicable'),
    PresenceCase(binding_id='comment_list_thread', mapping_index='0', presence_key='null', outcome='unknown'),
    PresenceCase(binding_id='comment_list_thread', mapping_index='0', presence_key='omitted', outcome='reject'),
    PresenceCase(binding_id='comment_list_thread', mapping_index='0', presence_key='zero', outcome='not_applicable'),
    PresenceCase(binding_id='comment_list_thread', mapping_index='1', presence_key='empty', outcome='reject'),
    PresenceCase(binding_id='comment_list_thread', mapping_index='1', presence_key='false', outcome='not_applicable'),
    PresenceCase(binding_id='comment_list_thread', mapping_index='1', presence_key='null', outcome='unknown'),
    PresenceCase(binding_id='comment_list_thread', mapping_index='1', presence_key='omitted', outcome='reject'),
    PresenceCase(binding_id='comment_list_thread', mapping_index='1', presence_key='zero', outcome='not_applicable'),
    PresenceCase(binding_id='comment_list_thread', mapping_index='2', presence_key='empty', outcome='emit'),
    PresenceCase(binding_id='comment_list_thread', mapping_index='2', presence_key='false', outcome='emit'),
    PresenceCase(binding_id='comment_list_thread', mapping_index='2', presence_key='null', outcome='unknown'),
    PresenceCase(binding_id='comment_list_thread', mapping_index='2', presence_key='omitted', outcome='omit'),
    PresenceCase(binding_id='comment_list_thread', mapping_index='2', presence_key='zero', outcome='emit'),
    PresenceCase(binding_id='comment_list_thread', mapping_index='3', presence_key='empty', outcome='emit'),
    PresenceCase(binding_id='comment_list_thread', mapping_index='3', presence_key='false', outcome='emit'),
    PresenceCase(binding_id='comment_list_thread', mapping_index='3', presence_key='null', outcome='unknown'),
    PresenceCase(binding_id='comment_list_thread', mapping_index='3', presence_key='omitted', outcome='omit'),
    PresenceCase(binding_id='comment_list_thread', mapping_index='3', presence_key='zero', outcome='emit'),
    PresenceCase(binding_id='comment_list_thread', mapping_index='4', presence_key='empty', outcome='emit'),
    PresenceCase(binding_id='comment_list_thread', mapping_index='4', presence_key='false', outcome='emit'),
    PresenceCase(binding_id='comment_list_thread', mapping_index='4', presence_key='null', outcome='unknown'),
    PresenceCase(binding_id='comment_list_thread', mapping_index='4', presence_key='omitted', outcome='omit'),
    PresenceCase(binding_id='comment_list_thread', mapping_index='4', presence_key='zero', outcome='emit'),
    PresenceCase(binding_id='issue_create', mapping_index='0', presence_key='empty', outcome='reject'),
    PresenceCase(binding_id='issue_create', mapping_index='0', presence_key='false', outcome='not_applicable'),
    PresenceCase(binding_id='issue_create', mapping_index='0', presence_key='null', outcome='unknown'),
    PresenceCase(binding_id='issue_create', mapping_index='0', presence_key='omitted', outcome='reject'),
    PresenceCase(binding_id='issue_create', mapping_index='0', presence_key='zero', outcome='not_applicable'),
    PresenceCase(binding_id='issue_create', mapping_index='1', presence_key='empty', outcome='emit'),
    PresenceCase(binding_id='issue_create', mapping_index='1', presence_key='false', outcome='emit'),
    PresenceCase(binding_id='issue_create', mapping_index='1', presence_key='null', outcome='unknown'),
    PresenceCase(binding_id='issue_create', mapping_index='1', presence_key='omitted', outcome='omit'),
    PresenceCase(binding_id='issue_create', mapping_index='1', presence_key='zero', outcome='emit'),
    PresenceCase(binding_id='issue_create', mapping_index='2', presence_key='empty', outcome='emit'),
    PresenceCase(binding_id='issue_create', mapping_index='2', presence_key='false', outcome='emit'),
    PresenceCase(binding_id='issue_create', mapping_index='2', presence_key='null', outcome='unknown'),
    PresenceCase(binding_id='issue_create', mapping_index='2', presence_key='omitted', outcome='omit'),
    PresenceCase(binding_id='issue_create', mapping_index='2', presence_key='zero', outcome='emit'),
    PresenceCase(binding_id='issue_create', mapping_index='3', presence_key='empty', outcome='emit'),
    PresenceCase(binding_id='issue_create', mapping_index='3', presence_key='false', outcome='emit'),
    PresenceCase(binding_id='issue_create', mapping_index='3', presence_key='null', outcome='unknown'),
    PresenceCase(binding_id='issue_create', mapping_index='3', presence_key='omitted', outcome='omit'),
    PresenceCase(binding_id='issue_create', mapping_index='3', presence_key='zero', outcome='emit'),
    PresenceCase(binding_id='issue_create', mapping_index='4', presence_key='empty', outcome='emit'),
    PresenceCase(binding_id='issue_create', mapping_index='4', presence_key='false', outcome='emit'),
    PresenceCase(binding_id='issue_create', mapping_index='4', presence_key='null', outcome='unknown'),
    PresenceCase(binding_id='issue_create', mapping_index='4', presence_key='omitted', outcome='omit'),
    PresenceCase(binding_id='issue_create', mapping_index='4', presence_key='zero', outcome='emit'),
    PresenceCase(binding_id='issue_create', mapping_index='5', presence_key='empty', outcome='emit'),
    PresenceCase(binding_id='issue_create', mapping_index='5', presence_key='false', outcome='emit'),
    PresenceCase(binding_id='issue_create', mapping_index='5', presence_key='null', outcome='unknown'),
    PresenceCase(binding_id='issue_create', mapping_index='5', presence_key='omitted', outcome='omit'),
    PresenceCase(binding_id='issue_create', mapping_index='5', presence_key='zero', outcome='emit'),
    PresenceCase(binding_id='issue_labels_add', mapping_index='0', presence_key='empty', outcome='reject'),
    PresenceCase(binding_id='issue_labels_add', mapping_index='0', presence_key='false', outcome='not_applicable'),
    PresenceCase(binding_id='issue_labels_add', mapping_index='0', presence_key='null', outcome='unknown'),
    PresenceCase(binding_id='issue_labels_add', mapping_index='0', presence_key='omitted', outcome='reject'),
    PresenceCase(binding_id='issue_labels_add', mapping_index='0', presence_key='zero', outcome='not_applicable'),
    PresenceCase(binding_id='issue_labels_add', mapping_index='1', presence_key='empty', outcome='reject'),
    PresenceCase(binding_id='issue_labels_add', mapping_index='1', presence_key='false', outcome='not_applicable'),
    PresenceCase(binding_id='issue_labels_add', mapping_index='1', presence_key='null', outcome='unknown'),
    PresenceCase(binding_id='issue_labels_add', mapping_index='1', presence_key='omitted', outcome='reject'),
    PresenceCase(binding_id='issue_labels_add', mapping_index='1', presence_key='zero', outcome='not_applicable'),
    PresenceCase(binding_id='issue_labels_list', mapping_index='0', presence_key='empty', outcome='reject'),
    PresenceCase(binding_id='issue_labels_list', mapping_index='0', presence_key='false', outcome='not_applicable'),
    PresenceCase(binding_id='issue_labels_list', mapping_index='0', presence_key='null', outcome='unknown'),
    PresenceCase(binding_id='issue_labels_list', mapping_index='0', presence_key='omitted', outcome='reject'),
    PresenceCase(binding_id='issue_labels_list', mapping_index='0', presence_key='zero', outcome='not_applicable'),
    PresenceCase(binding_id='issue_labels_remove', mapping_index='0', presence_key='empty', outcome='reject'),
    PresenceCase(binding_id='issue_labels_remove', mapping_index='0', presence_key='false', outcome='not_applicable'),
    PresenceCase(binding_id='issue_labels_remove', mapping_index='0', presence_key='null', outcome='unknown'),
    PresenceCase(binding_id='issue_labels_remove', mapping_index='0', presence_key='omitted', outcome='reject'),
    PresenceCase(binding_id='issue_labels_remove', mapping_index='0', presence_key='zero', outcome='not_applicable'),
    PresenceCase(binding_id='issue_labels_remove', mapping_index='1', presence_key='empty', outcome='reject'),
    PresenceCase(binding_id='issue_labels_remove', mapping_index='1', presence_key='false', outcome='not_applicable'),
    PresenceCase(binding_id='issue_labels_remove', mapping_index='1', presence_key='null', outcome='unknown'),
    PresenceCase(binding_id='issue_labels_remove', mapping_index='1', presence_key='omitted', outcome='reject'),
    PresenceCase(binding_id='issue_labels_remove', mapping_index='1', presence_key='zero', outcome='not_applicable'),
    PresenceCase(binding_id='issue_list', mapping_index='0', presence_key='empty', outcome='emit'),
    PresenceCase(binding_id='issue_list', mapping_index='0', presence_key='false', outcome='emit'),
    PresenceCase(binding_id='issue_list', mapping_index='0', presence_key='null', outcome='unknown'),
    PresenceCase(binding_id='issue_list', mapping_index='0', presence_key='omitted', outcome='omit'),
    PresenceCase(binding_id='issue_list', mapping_index='0', presence_key='zero', outcome='emit'),
    PresenceCase(binding_id='issue_list', mapping_index='1', presence_key='empty', outcome='emit'),
    PresenceCase(binding_id='issue_list', mapping_index='1', presence_key='false', outcome='emit'),
    PresenceCase(binding_id='issue_list', mapping_index='1', presence_key='null', outcome='unknown'),
    PresenceCase(binding_id='issue_list', mapping_index='1', presence_key='omitted', outcome='omit'),
    PresenceCase(binding_id='issue_list', mapping_index='1', presence_key='zero', outcome='emit'),
    PresenceCase(binding_id='issue_list', mapping_index='2', presence_key='empty', outcome='emit'),
    PresenceCase(binding_id='issue_list', mapping_index='2', presence_key='false', outcome='emit'),
    PresenceCase(binding_id='issue_list', mapping_index='2', presence_key='null', outcome='unknown'),
    PresenceCase(binding_id='issue_list', mapping_index='2', presence_key='omitted', outcome='omit'),
    PresenceCase(binding_id='issue_list', mapping_index='2', presence_key='zero', outcome='emit'),
    PresenceCase(binding_id='issue_list', mapping_index='3', presence_key='empty', outcome='emit'),
    PresenceCase(binding_id='issue_list', mapping_index='3', presence_key='false', outcome='emit'),
    PresenceCase(binding_id='issue_list', mapping_index='3', presence_key='null', outcome='unknown'),
    PresenceCase(binding_id='issue_list', mapping_index='3', presence_key='omitted', outcome='omit'),
    PresenceCase(binding_id='issue_list', mapping_index='3', presence_key='zero', outcome='emit'),
    PresenceCase(binding_id='issue_list', mapping_index='4', presence_key='empty', outcome='emit'),
    PresenceCase(binding_id='issue_list', mapping_index='4', presence_key='false', outcome='emit'),
    PresenceCase(binding_id='issue_list', mapping_index='4', presence_key='null', outcome='unknown'),
    PresenceCase(binding_id='issue_list', mapping_index='4', presence_key='omitted', outcome='omit'),
    PresenceCase(binding_id='issue_list', mapping_index='4', presence_key='zero', outcome='emit'),
    PresenceCase(binding_id='issue_list', mapping_index='5', presence_key='empty', outcome='emit'),
    PresenceCase(binding_id='issue_list', mapping_index='5', presence_key='false', outcome='emit'),
    PresenceCase(binding_id='issue_list', mapping_index='5', presence_key='null', outcome='unknown'),
    PresenceCase(binding_id='issue_list', mapping_index='5', presence_key='omitted', outcome='omit'),
    PresenceCase(binding_id='issue_list', mapping_index='5', presence_key='zero', outcome='emit'),
    PresenceCase(binding_id='issue_status', mapping_index='0', presence_key='empty', outcome='reject'),
    PresenceCase(binding_id='issue_status', mapping_index='0', presence_key='false', outcome='not_applicable'),
    PresenceCase(binding_id='issue_status', mapping_index='0', presence_key='null', outcome='unknown'),
    PresenceCase(binding_id='issue_status', mapping_index='0', presence_key='omitted', outcome='reject'),
    PresenceCase(binding_id='issue_status', mapping_index='0', presence_key='zero', outcome='not_applicable'),
    PresenceCase(binding_id='issue_status', mapping_index='1', presence_key='empty', outcome='emit'),
    PresenceCase(binding_id='issue_status', mapping_index='1', presence_key='false', outcome='emit'),
    PresenceCase(binding_id='issue_status', mapping_index='1', presence_key='null', outcome='unknown'),
    PresenceCase(binding_id='issue_status', mapping_index='1', presence_key='omitted', outcome='reject'),
    PresenceCase(binding_id='issue_status', mapping_index='1', presence_key='zero', outcome='emit'),
    PresenceCase(binding_id='project_create', mapping_index='0', presence_key='empty', outcome='reject'),
    PresenceCase(binding_id='project_create', mapping_index='0', presence_key='false', outcome='not_applicable'),
    PresenceCase(binding_id='project_create', mapping_index='0', presence_key='null', outcome='unknown'),
    PresenceCase(binding_id='project_create', mapping_index='0', presence_key='omitted', outcome='reject'),
    PresenceCase(binding_id='project_create', mapping_index='0', presence_key='zero', outcome='not_applicable'),
    PresenceCase(binding_id='project_create', mapping_index='1', presence_key='empty', outcome='omit'),
    PresenceCase(binding_id='project_create', mapping_index='1', presence_key='false', outcome='not_applicable'),
    PresenceCase(binding_id='project_create', mapping_index='1', presence_key='null', outcome='unknown'),
    PresenceCase(binding_id='project_create', mapping_index='1', presence_key='omitted', outcome='omit'),
    PresenceCase(binding_id='project_create', mapping_index='1', presence_key='zero', outcome='not_applicable'),
    PresenceCase(binding_id='project_resource_add', mapping_index='0', presence_key='empty', outcome='reject'),
    PresenceCase(binding_id='project_resource_add', mapping_index='0', presence_key='false', outcome='not_applicable'),
    PresenceCase(binding_id='project_resource_add', mapping_index='0', presence_key='null', outcome='unknown'),
    PresenceCase(binding_id='project_resource_add', mapping_index='0', presence_key='omitted', outcome='reject'),
    PresenceCase(binding_id='project_resource_add', mapping_index='0', presence_key='zero', outcome='not_applicable'),
    PresenceCase(binding_id='project_resource_add', mapping_index='1', presence_key='empty', outcome='reject'),
    PresenceCase(binding_id='project_resource_add', mapping_index='1', presence_key='false', outcome='not_applicable'),
    PresenceCase(binding_id='project_resource_add', mapping_index='1', presence_key='null', outcome='unknown'),
    PresenceCase(binding_id='project_resource_add', mapping_index='1', presence_key='omitted', outcome='reject'),
    PresenceCase(binding_id='project_resource_add', mapping_index='1', presence_key='zero', outcome='not_applicable'),
    PresenceCase(binding_id='project_resource_add', mapping_index='2', presence_key='empty', outcome='reject'),
    PresenceCase(binding_id='project_resource_add', mapping_index='2', presence_key='false', outcome='not_applicable'),
    PresenceCase(binding_id='project_resource_add', mapping_index='2', presence_key='null', outcome='unknown'),
    PresenceCase(binding_id='project_resource_add', mapping_index='2', presence_key='omitted', outcome='reject'),
    PresenceCase(binding_id='project_resource_add', mapping_index='2', presence_key='zero', outcome='not_applicable'),
    PresenceCase(binding_id='project_resource_add', mapping_index='3', presence_key='empty', outcome='omit'),
    PresenceCase(binding_id='project_resource_add', mapping_index='3', presence_key='false', outcome='not_applicable'),
    PresenceCase(binding_id='project_resource_add', mapping_index='3', presence_key='null', outcome='unknown'),
    PresenceCase(binding_id='project_resource_add', mapping_index='3', presence_key='omitted', outcome='omit'),
    PresenceCase(binding_id='project_resource_add', mapping_index='3', presence_key='zero', outcome='not_applicable'),
    PresenceCase(binding_id='project_resource_add', mapping_index='4', presence_key='empty', outcome='not_applicable'),
    PresenceCase(binding_id='project_resource_add', mapping_index='4', presence_key='false', outcome='not_applicable'),
    PresenceCase(binding_id='project_resource_add', mapping_index='4', presence_key='null', outcome='unknown'),
    PresenceCase(binding_id='project_resource_add', mapping_index='4', presence_key='omitted', outcome='not_applicable'),
    PresenceCase(binding_id='project_resource_add', mapping_index='4', presence_key='zero', outcome='not_applicable'),
    PresenceCase(binding_id='project_resource_list', mapping_index='0', presence_key='empty', outcome='reject'),
    PresenceCase(binding_id='project_resource_list', mapping_index='0', presence_key='false', outcome='not_applicable'),
    PresenceCase(binding_id='project_resource_list', mapping_index='0', presence_key='null', outcome='unknown'),
    PresenceCase(binding_id='project_resource_list', mapping_index='0', presence_key='omitted', outcome='reject'),
    PresenceCase(binding_id='project_resource_list', mapping_index='0', presence_key='zero', outcome='not_applicable'),
    PresenceCase(binding_id='project_resource_remove', mapping_index='0', presence_key='empty', outcome='reject'),
    PresenceCase(binding_id='project_resource_remove', mapping_index='0', presence_key='false', outcome='not_applicable'),
    PresenceCase(binding_id='project_resource_remove', mapping_index='0', presence_key='null', outcome='unknown'),
    PresenceCase(binding_id='project_resource_remove', mapping_index='0', presence_key='omitted', outcome='reject'),
    PresenceCase(binding_id='project_resource_remove', mapping_index='0', presence_key='zero', outcome='not_applicable'),
    PresenceCase(binding_id='project_resource_remove', mapping_index='1', presence_key='empty', outcome='reject'),
    PresenceCase(binding_id='project_resource_remove', mapping_index='1', presence_key='false', outcome='not_applicable'),
    PresenceCase(binding_id='project_resource_remove', mapping_index='1', presence_key='null', outcome='unknown'),
    PresenceCase(binding_id='project_resource_remove', mapping_index='1', presence_key='omitted', outcome='reject'),
    PresenceCase(binding_id='project_resource_remove', mapping_index='1', presence_key='zero', outcome='not_applicable'),
    PresenceCase(binding_id='project_resource_update', mapping_index='0', presence_key='empty', outcome='reject'),
    PresenceCase(binding_id='project_resource_update', mapping_index='0', presence_key='false', outcome='not_applicable'),
    PresenceCase(binding_id='project_resource_update', mapping_index='0', presence_key='null', outcome='unknown'),
    PresenceCase(binding_id='project_resource_update', mapping_index='0', presence_key='omitted', outcome='reject'),
    PresenceCase(binding_id='project_resource_update', mapping_index='0', presence_key='zero', outcome='not_applicable'),
    PresenceCase(binding_id='project_resource_update', mapping_index='1', presence_key='empty', outcome='reject'),
    PresenceCase(binding_id='project_resource_update', mapping_index='1', presence_key='false', outcome='not_applicable'),
    PresenceCase(binding_id='project_resource_update', mapping_index='1', presence_key='null', outcome='unknown'),
    PresenceCase(binding_id='project_resource_update', mapping_index='1', presence_key='omitted', outcome='reject'),
    PresenceCase(binding_id='project_resource_update', mapping_index='1', presence_key='zero', outcome='not_applicable'),
    PresenceCase(binding_id='project_resource_update', mapping_index='2', presence_key='empty', outcome='reject'),
    PresenceCase(binding_id='project_resource_update', mapping_index='2', presence_key='false', outcome='not_applicable'),
    PresenceCase(binding_id='project_resource_update', mapping_index='2', presence_key='null', outcome='unknown'),
    PresenceCase(binding_id='project_resource_update', mapping_index='2', presence_key='omitted', outcome='reject'),
    PresenceCase(binding_id='project_resource_update', mapping_index='2', presence_key='zero', outcome='not_applicable'),
    PresenceCase(binding_id='project_status', mapping_index='0', presence_key='empty', outcome='reject'),
    PresenceCase(binding_id='project_status', mapping_index='0', presence_key='false', outcome='not_applicable'),
    PresenceCase(binding_id='project_status', mapping_index='0', presence_key='null', outcome='unknown'),
    PresenceCase(binding_id='project_status', mapping_index='0', presence_key='omitted', outcome='reject'),
    PresenceCase(binding_id='project_status', mapping_index='0', presence_key='zero', outcome='not_applicable'),
    PresenceCase(binding_id='project_status', mapping_index='1', presence_key='empty', outcome='emit'),
    PresenceCase(binding_id='project_status', mapping_index='1', presence_key='false', outcome='emit'),
    PresenceCase(binding_id='project_status', mapping_index='1', presence_key='null', outcome='unknown'),
    PresenceCase(binding_id='project_status', mapping_index='1', presence_key='omitted', outcome='reject'),
    PresenceCase(binding_id='project_status', mapping_index='1', presence_key='zero', outcome='emit'),
    PresenceCase(binding_id='project_update', mapping_index='0', presence_key='empty', outcome='reject'),
    PresenceCase(binding_id='project_update', mapping_index='0', presence_key='false', outcome='not_applicable'),
    PresenceCase(binding_id='project_update', mapping_index='0', presence_key='null', outcome='unknown'),
    PresenceCase(binding_id='project_update', mapping_index='0', presence_key='omitted', outcome='reject'),
    PresenceCase(binding_id='project_update', mapping_index='0', presence_key='zero', outcome='not_applicable'),
    PresenceCase(binding_id='project_update', mapping_index='1', presence_key='empty', outcome='emit'),
    PresenceCase(binding_id='project_update', mapping_index='1', presence_key='false', outcome='not_applicable'),
    PresenceCase(binding_id='project_update', mapping_index='1', presence_key='null', outcome='unknown'),
    PresenceCase(binding_id='project_update', mapping_index='1', presence_key='omitted', outcome='omit'),
    PresenceCase(binding_id='project_update', mapping_index='1', presence_key='zero', outcome='not_applicable'),
    PresenceCase(binding_id='project_update', mapping_index='2', presence_key='empty', outcome='emit'),
    PresenceCase(binding_id='project_update', mapping_index='2', presence_key='false', outcome='not_applicable'),
    PresenceCase(binding_id='project_update', mapping_index='2', presence_key='null', outcome='unknown'),
    PresenceCase(binding_id='project_update', mapping_index='2', presence_key='omitted', outcome='omit'),
    PresenceCase(binding_id='project_update', mapping_index='2', presence_key='zero', outcome='not_applicable'),
)


RESPONSE_CASES: tuple[DecodeCase, ...] = (
    DecodeCase(operation_id='issues.comments.add', entrypoint_id='add', response_id='comment'),
    DecodeCase(operation_id='issues.comments.delete', entrypoint_id='delete', response_id='none'),
    DecodeCase(operation_id='issues.comments.list', entrypoint_id='list', response_id='comments'),
    DecodeCase(operation_id='issues.comments.list', entrypoint_id='list_flat', response_id='comment_page'),
    DecodeCase(operation_id='issues.comments.list', entrypoint_id='list_recent', response_id='comment_thread_page'),
    DecodeCase(operation_id='issues.comments.list', entrypoint_id='list_thread', response_id='comment_page'),
    DecodeCase(operation_id='issues.create', entrypoint_id='create', response_id='issue'),
    DecodeCase(operation_id='issues.labels.add', entrypoint_id='add', response_id='labels'),
    DecodeCase(operation_id='issues.labels.list', entrypoint_id='list', response_id='labels'),
    DecodeCase(operation_id='issues.labels.remove', entrypoint_id='remove', response_id='labels'),
    DecodeCase(operation_id='issues.list', entrypoint_id='list', response_id='issue_summaries'),
    DecodeCase(operation_id='issues.set_status', entrypoint_id='set_status', response_id='issue'),
    DecodeCase(operation_id='projects.create', entrypoint_id='create', response_id='project'),
    DecodeCase(operation_id='projects.resources.add_local_directory', entrypoint_id='add_local_directory', response_id='project_resource'),
    DecodeCase(operation_id='projects.resources.list', entrypoint_id='list', response_id='project_resources'),
    DecodeCase(operation_id='projects.resources.remove', entrypoint_id='remove', response_id='none'),
    DecodeCase(operation_id='projects.resources.update_local_directory', entrypoint_id='update_local_directory', response_id='project_resource'),
    DecodeCase(operation_id='projects.set_status', entrypoint_id='set_status', response_id='project'),
    DecodeCase(operation_id='projects.update', entrypoint_id='update', response_id='project'),
)

